[2026-04-11 18:21:57] INFO — __main__ — ======================================================================
[2026-04-11 18:21:57] INFO — __main__ — CANCER RISK ASSESSMENT — TRAINING PIPELINE START
[2026-04-11 18:21:57] INFO — __main__ — ======================================================================
[2026-04-11 18:21:57] INFO — __main__ — 
[1/4] Data Ingestion
[2026-04-11 18:21:57] INFO — src.utils — YAML loaded: config/config.yaml
[2026-04-11 18:21:57] INFO — src.data_ingestion — Loading raw data from: data/raw/cancer_patient_data.csv
[2026-04-11 18:21:57] INFO — src.data_ingestion — Loaded shape: (5000, 24)
[2026-04-11 18:21:57] INFO — src.data_ingestion — Shape after cleaning: (4606, 24)
[2026-04-11 18:21:57] INFO — src.data_ingestion — Split sizes — train: 3223, val: 461, test: 922
[2026-04-11 18:21:57] INFO — __main__ — 
[2/4] Preprocessing + Imbalance Handling
[2026-04-11 18:21:58] INFO — src.utils — YAML loaded: config/config.yaml
[2026-04-11 18:21:58] INFO — src.utils — YAML loaded: config/params.yaml
[2026-04-11 18:21:58] INFO — src.preprocessing — Class distribution before resampling:
0    1601
1    1012
2     610
Name: count, dtype: int64
[2026-04-11 18:21:58] INFO — src.preprocessing — Applying SMOTEENN …
[2026-04-11 18:21:59] INFO — src.preprocessing — Resampled shape: (2224, 23)
[2026-04-11 18:21:59] INFO — src.preprocessing — Class distribution after resampling:
2    1284
1     681
0     259
Name: count, dtype: int64
[2026-04-11 18:21:59] INFO — __main__ — 
[3/4] Model Training (XGBoost + Random Forest)
[2026-04-11 18:21:59] INFO — src.utils — YAML loaded: config/config.yaml
[2026-04-11 18:21:59] INFO — src.utils — YAML loaded: config/params.yaml
[2026-04-11 18:21:59] INFO — src.model_trainer — ============================================================
[2026-04-11 18:21:59] INFO — src.model_trainer — Training XGBoost …
[2026-04-11 18:22:12] INFO — src.model_trainer — [xgboost] Best CV f1_weighted: nan
[2026-04-11 18:22:12] INFO — src.model_trainer — [xgboost] Best params: {'subsample': 0.8, 'reg_lambda': 1, 'reg_alpha': 0.1, 'n_estimators': 300, 'max_depth': 5, 'learning_rate': 0.05, 'colsample_bytree': 1.0}
[2026-04-11 18:22:12] INFO — src.model_trainer — [xgboost] Training time: 12.6s
[2026-04-11 18:22:12] INFO — src.model_trainer — ============================================================
[2026-04-11 18:22:12] INFO — src.model_trainer — Training Random Forest …
[2026-04-11 18:22:30] INFO — src.model_trainer — [random_forest] Best CV f1_weighted: 0.8869
[2026-04-11 18:22:30] INFO — src.model_trainer — [random_forest] Best params: {'n_estimators': 300, 'min_samples_split': 2, 'min_samples_leaf': 2, 'max_features': 'sqrt', 'max_depth': 20, 'bootstrap': False}
[2026-04-11 18:22:30] INFO — src.model_trainer — [random_forest] Training time: 17.9s
[2026-04-11 18:22:30] INFO — src.model_trainer — ============================================================
[2026-04-11 18:22:30] INFO — __main__ — 
[4/4] Model Evaluation on Test Set
[2026-04-11 18:22:30] INFO — src.utils — YAML loaded: config/config.yaml
[2026-04-11 18:22:30] INFO — src.utils — YAML loaded: config/params.yaml
[2026-04-11 18:22:31] INFO — src.model_evaluation — [xgboost] Accuracy: 0.4794 | F1(w): 0.4932 | ROC-AUC: 0.7154
[2026-04-11 18:22:31] INFO — src.model_evaluation — [random_forest] Accuracy: 0.4946 | F1(w): 0.4987 | ROC-AUC: 0.7292
[2026-04-11 18:22:31] INFO — src.model_evaluation — 
               accuracy  f1_weighted  roc_auc_weighted
model                                                 
xgboost          0.4794       0.4932            0.7154
random_forest    0.4946       0.4987            0.7292
[2026-04-11 18:22:31] INFO — __main__ — ======================================================================
[2026-04-11 18:22:31] INFO — __main__ — PIPELINE COMPLETE  —  Total time: 33.8s
[2026-04-11 18:22:31] INFO — __main__ — ======================================================================
[2026-04-11 18:22:31] INFO — __main__ — 
Model Comparison:
               accuracy  f1_weighted  roc_auc_weighted
model                                                 
xgboost          0.4794       0.4932            0.7154
random_forest    0.4946       0.4987            0.7292
