[2026-04-11 18:24:22] INFO — __main__ — ======================================================================
[2026-04-11 18:24:22] INFO — __main__ — CANCER RISK ASSESSMENT — TRAINING PIPELINE START
[2026-04-11 18:24:22] INFO — __main__ — ======================================================================
[2026-04-11 18:24:22] INFO — __main__ — 
[1/4] Data Ingestion
[2026-04-11 18:24:22] INFO — src.utils — YAML loaded: config/config.yaml
[2026-04-11 18:24:22] INFO — src.data_ingestion — Loading raw data from: data/raw/cancer_patient_data.csv
[2026-04-11 18:24:22] INFO — src.data_ingestion — Loaded shape: (5000, 24)
[2026-04-11 18:24:22] INFO — src.data_ingestion — Shape after cleaning: (4607, 24)
[2026-04-11 18:24:22] INFO — src.data_ingestion — Split sizes — train: 3224, val: 461, test: 922
[2026-04-11 18:24:22] INFO — __main__ — 
[2/4] Preprocessing + Imbalance Handling
[2026-04-11 18:24:22] INFO — src.utils — YAML loaded: config/config.yaml
[2026-04-11 18:24:22] INFO — src.utils — YAML loaded: config/params.yaml
[2026-04-11 18:24:22] INFO — src.preprocessing — Class distribution before resampling:
0    1606
1    1025
2     593
Name: count, dtype: int64
[2026-04-11 18:24:22] INFO — src.preprocessing — Applying SMOTEENN …
[2026-04-11 18:24:24] INFO — src.preprocessing — Resampled shape: (2691, 23)
[2026-04-11 18:24:24] INFO — src.preprocessing — Class distribution after resampling:
2    1357
1     746
0     588
Name: count, dtype: int64
[2026-04-11 18:24:24] INFO — __main__ — 
[3/4] Model Training (XGBoost + Random Forest)
[2026-04-11 18:24:24] INFO — src.utils — YAML loaded: config/config.yaml
[2026-04-11 18:24:24] INFO — src.utils — YAML loaded: config/params.yaml
[2026-04-11 18:24:24] INFO — src.model_trainer — ============================================================
[2026-04-11 18:24:24] INFO — src.model_trainer — Training XGBoost …
[2026-04-11 18:24:56] INFO — src.model_trainer — [xgboost] Best CV f1_weighted: 0.9243
[2026-04-11 18:24:56] INFO — src.model_trainer — [xgboost] Best params: {'subsample': 0.7, 'reg_lambda': 1, 'reg_alpha': 0.5, 'n_estimators': 300, 'max_depth': 7, 'learning_rate': 0.1, 'colsample_bytree': 1.0}
[2026-04-11 18:24:56] INFO — src.model_trainer — [xgboost] Training time: 31.7s
[2026-04-11 18:24:56] INFO — src.model_trainer — ============================================================
[2026-04-11 18:24:56] INFO — src.model_trainer — Training Random Forest …
[2026-04-11 18:25:13] INFO — src.model_trainer — [random_forest] Best CV f1_weighted: 0.9175
[2026-04-11 18:25:13] INFO — src.model_trainer — [random_forest] Best params: {'n_estimators': 200, 'min_samples_split': 5, 'min_samples_leaf': 1, 'max_features': 'sqrt', 'max_depth': 30, 'bootstrap': False}
[2026-04-11 18:25:13] INFO — src.model_trainer — [random_forest] Training time: 17.7s
[2026-04-11 18:25:13] INFO — src.model_trainer — ============================================================
[2026-04-11 18:25:13] INFO — __main__ — 
[4/4] Model Evaluation on Test Set
[2026-04-11 18:25:13] INFO — src.utils — YAML loaded: config/config.yaml
[2026-04-11 18:25:13] INFO — src.utils — YAML loaded: config/params.yaml
[2026-04-11 18:25:14] INFO — src.model_evaluation — [xgboost] Accuracy: 0.7061 | F1(w): 0.7094 | ROC-AUC: 0.8782
[2026-04-11 18:25:14] INFO — src.model_evaluation — [random_forest] Accuracy: 0.6746 | F1(w): 0.6700 | ROC-AUC: 0.8574
[2026-04-11 18:25:14] INFO — src.model_evaluation — 
               accuracy  f1_weighted  roc_auc_weighted
model                                                 
xgboost          0.7061       0.7094            0.8782
random_forest    0.6746       0.6700            0.8574
[2026-04-11 18:25:14] INFO — __main__ — ======================================================================
[2026-04-11 18:25:14] INFO — __main__ — PIPELINE COMPLETE  —  Total time: 52.4s
[2026-04-11 18:25:14] INFO — __main__ — ======================================================================
[2026-04-11 18:25:14] INFO — __main__ — 
Model Comparison:
               accuracy  f1_weighted  roc_auc_weighted
model                                                 
xgboost          0.7061       0.7094            0.8782
random_forest    0.6746       0.6700            0.8574
